[20:36:18] [main/INFO]: Loading Minecraft 26.1.2 with Fabric Loader 0.19.3
[20:36:18] [main/INFO]: Mappings not present!
[20:36:19] [main/INFO]: Loading 105 mods:
	- balm 26.1.2.12
	   \-- kuma_api 26.1.2.2
	- c2me 0.4.0-alpha.0.54+26.1.2
	   |-- c2me-base 0.4.0-alpha.0.54+26.1.2
	   |-- c2me-client-uncapvd 0.4.0-alpha.0.54+26.1.2
	   |-- c2me-fixes-chunkio-threading-issues 0.4.0-alpha.0.54+26.1.2
	   |-- c2me-fixes-general-threading-issues 0.4.0-alpha.0.54+26.1.2
	   |-- c2me-fixes-worldgen-threading-issues 0.4.0-alpha.0.54+26.1.2
	   |-- c2me-fixes-worldgen-vanilla-bugs 0.4.0-alpha.0.54+26.1.2
	   |-- c2me-notickvd 0.4.0-alpha.0.54+26.1.2
	   |-- c2me-opts-allocs 0.4.0-alpha.0.54+26.1.2
	   |-- c2me-opts-chunkio 0.4.0-alpha.0.54+26.1.2
	   |-- c2me-opts-dfc 0.4.0-alpha.0.54+26.1.2
	   |-- c2me-opts-math 0.4.0-alpha.0.54+26.1.2
	   |-- c2me-opts-natives-math 0.4.0-alpha.0.54+26.1.2
	   |-- c2me-opts-scheduling 0.4.0-alpha.0.54+26.1.2
	   |-- c2me-opts-worldgen-general 0.4.0-alpha.0.54+26.1.2
	   |-- c2me-opts-worldgen-vanilla 0.4.0-alpha.0.54+26.1.2
	   |-- c2me-rewrites-chunk-serializer 0.4.0-alpha.0.54+26.1.2
	   |-- c2me-rewrites-chunk-system 0.4.0-alpha.0.54+26.1.2
	   |-- c2me-rewrites-chunkio 0.4.0-alpha.0.54+26.1.2
	   |-- c2me-server-utils 0.4.0-alpha.0.54+26.1.2
	   |-- c2me-threading-lighting 0.4.0-alpha.0.54+26.1.2
	   |-- com_electronwill_night-config_core 3.6.5
	   |-- com_electronwill_night-config_toml 3.6.5
	   |-- com_github_ben-manes_caffeine_caffeine 3.2.1
	   |-- com_ibm_async_asyncutil 0.1.0
	   |-- io_reactivex_rxjava3_rxjava 3.1.12
	   |-- mixinsquared 0.3.7-beta.1
	   |-- net_objecthunter_exp4j 0.4.8
	   |-- org_jctools_jctools-core 4.0.5
	   \-- org_reactivestreams_reactive-streams 1.0.4
	- cushionbackport 1.0.5
	- distanthorizons 3.2.0-b
	   |-- fabric-api-base 2.0.3+ece063234c
	   |-- fabric-block-api-v1 3.0.2+ec56b6014c
	   |-- fabric-block-getter-api-v2 2.0.6+ec56b6014c
	   |-- fabric-client-gametest-api-v1 5.0.16+cef2a4834c
	   |-- fabric-command-api-v2 3.0.5+e2bdee784c
	   |-- fabric-crash-report-info-v1 1.0.3+9f78a5a84c
	   |-- fabric-creative-tab-api-v1 5.0.11+d871b99e4c
	   |-- fabric-debug-api-v1 1.0.1+c792624d4c
	   |-- fabric-entity-events-v1 5.0.2+e2bdee784c
	   |-- fabric-game-rule-api-v1 4.0.5+d871b99e4c
	   |-- fabric-key-mapping-api-v1 2.0.4+e2bdee784c
	   |-- fabric-loot-api-v3 3.0.12+00a1fba64c
	   |-- fabric-message-api-v1 7.0.5+dae8ce3e4c
	   |-- fabric-model-loading-api-v1 8.0.7+c80601bb4c
	   |-- fabric-networking-api-v1 6.3.1+554860db4c
	   |-- fabric-particles-v1 5.0.15+b61fef434c
	   |-- fabric-renderer-api-v1 13.0.4+c80601bb4c
	   |-- fabric-renderer-indigo 8.1.1+1403e82c4c
	   |-- fabric-rendering-fluids-v1 6.0.1+d871b99e4c
	   |-- fabric-rendering-v1 23.1.1+1403e82c4c
	   |-- fabric-resource-loader-v0 3.3.17+4fc5413f4c
	   |-- fabric-resource-loader-v1 2.0.10+7c44c7324c
	   |-- fabric-screen-api-v1 5.0.1+d871b99e4c
	   |-- fabric-serialization-api-v1 2.0.3+11a26f314c
	   |-- fabric-sound-api-v1 2.0.4+11a26f314c
	   \-- fabric-tag-api-v1 2.1.1+371cf5db4c
	- fabric-api 0.155.2+26.1.2
	   |-- fabric-api-base 2.0.3+ece063234c
	   |-- fabric-api-lookup-api-v1 2.0.12+d5a053b64c
	   |-- fabric-biome-api-v1 18.0.5+2fa62b4e4c
	   |-- fabric-block-api-v1 3.0.2+ec56b6014c
	   |-- fabric-content-registries-v0 11.3.0+0082c9664c
	   |-- fabric-convention-tags-v2 4.6.2+4f11f7994c
	   |-- fabric-crash-report-info-v1 1.0.3+9f78a5a84c
	   |-- fabric-data-attachment-api-v1 2.2.9+44a0bd1d4c
	   |-- fabric-data-generation-api-v1 24.3.3+cda368334c
	   |-- fabric-dimensions-v1 5.1.7+ad343a8d4c
	   |-- fabric-entity-events-v1 5.0.2+e2bdee784c
	   |-- fabric-events-interaction-v0 5.2.2+07b380be4c
	   |-- fabric-item-api-v1 14.3.0+6d1aaa724c
	   |-- fabric-key-mapping-api-v1 2.0.4+e2bdee784c
	   |-- fabric-lifecycle-events-v1 4.1.1+df84eb3d4c
	   |-- fabric-loot-api-v3 3.0.12+00a1fba64c
	   |-- fabric-menu-api-v1 2.0.14+d871b99e4c
	   |-- fabric-model-loading-api-v1 8.0.11+c80601bb4c
	   |-- fabric-object-builder-api-v1 23.1.0+abb459f14c
	   |-- fabric-permission-api-v1 1.0.2+7437387b4c
	   |-- fabric-recipe-api-v1 9.0.16+be4b75ae4c
	   |-- fabric-registry-sync-v0 7.1.0+2fa62b4e4c
	   |-- fabric-renderer-api-v1 13.0.8+c80601bb4c
	   |-- fabric-renderer-indigo 8.1.5+1403e82c4c
	   |-- fabric-rendering-v1 23.3.1+e9207d814c
	   |-- fabric-resource-conditions-api-v1 6.1.0+83dd0ba34c
	   |-- fabric-resource-loader-v0 3.3.17+4fc5413f4c
	   |-- fabric-screen-api-v1 5.1.0+981dd9b24c
	   |-- fabric-serialization-api-v1 2.0.3+11a26f314c
	   |-- fabric-sound-api-v1 2.0.4+11a26f314c
	   |-- fabric-transfer-api-v1 8.0.6+357ea7334c
	   \-- fabric-transitive-access-wideners-v1 8.1.3+3ff549fb4c
	- fabric-essentials 1.4.11+26.1.2
	   |-- common-protection-api 2.0.0
	   |-- fabric-permissions-api-v0 0.7.0
	   |-- placeholder-api 3.0.0+26.1
	   |-- player-data-api 0.10.0+26.1
	   |-- server_translations_api 3.0.3+26.1
	   \-- sgui 2.0.0+26.1
	- fabricloader 0.19.3
	   \-- mixinextras 0.5.4
	- fast-rtp 1.5.8-26.1
	   \-- fabric-permissions-api-v0 0.7.0
	- ferritecore 9.0.0
	- java 25
	- krypton 0.3.0
	   \-- com_velocitypowered_velocity-native 3.4.0-SNAPSHOT
	- lithium 0.24.7+mc26.1.2
	- luckperms 5.5.57
	   \-- fabric-permissions-api-v0 0.7.0
	- minecraft 26.1.2
	- noisium 2.8.5+mc26.1.2
	- polymer-bundled 0.16.5+26.1.2
	   |-- polymer-autohost 0.16.5+26.1.2
	   |-- polymer-blocks 0.16.5+26.1.2
	   |-- polymer-common 0.16.5+26.1.2
	   |-- polymer-core 0.16.5+26.1.2
	   |    |-- polymer-networking 0.16.5+26.1.2
	   |    |    \-- polymer-common 0.16.5+26.1.2
	   |    \-- polymer-registry-sync-manipulator 0.16.5+26.1.2
	   |-- polymer-resource-pack 0.16.5+26.1.2
	   |    \-- polymer-common 0.16.5+26.1.2
	   |-- polymer-resource-pack-extras 0.16.5+26.1.2
	   |-- polymer-sound-patcher 0.16.5+26.1.2
	   \-- polymer-virtual-entity 0.16.5+26.1.2
	        \-- polymer-common 0.16.5+26.1.2
	- skinrestorer 2.10.0+26.1-fabric
	   \-- org_mineskin_java-client 3.4.0
	- spark 1.10.173
	   \-- fabric-permissions-api-v0 0.7.0
	- universal-graves 3.11.1+26.1.2
	   |-- common-protection-api 2.0.0
	   |-- placeholder-api 3.0.0+26.1
	   |-- predicate-api 0.8.2+26.1
	   |-- server_translations_api 3.0.3+26.1
	   \-- sgui 2.0.0+26.1
	- vmp 0.2.0+beta.7.234+26.1.2
[20:36:19] [main/INFO]: SpongePowered MIXIN Subsystem Version=0.8.7 Source=file:/mnt/disk-2/Games/Minecraft%20Servers/ArcadeServer3/libraries/net/fabricmc/sponge-mixin/0.17.3+mixin.0.8.7/sponge-mixin-0.17.3+mixin.0.8.7.jar Service=Knot/Fabric Env=SERVER
[20:36:19] [main/INFO]: Compatibility level set to JAVA_17
[20:36:19] [main/INFO]: Compatibility level set to JAVA_21
[20:36:19] [main/INFO]: Compatibility level set to JAVA_25
[20:36:19] [main/INFO]: Initializing com.ishland.c2me.base.mixin
[20:36:19] [main/INFO]: Global Executor Parallelism: 6 configured, 6 evaluated, 6 default evaluated
[20:36:19] [main/INFO]: Initializing com.ishland.c2me.fixes.chunkio.threading_issues.mixin
[20:36:19] [main/INFO]: Initializing com.ishland.c2me.fixes.general.threading_issues.mixin
[20:36:19] [main/INFO]: Initializing com.ishland.c2me.fixes.worldgen.threading_issues.mixin
[20:36:19] [main/INFO]: Initializing com.ishland.c2me.fixes.worldgen.vanilla_bugs.mixin
[20:36:19] [main/INFO]: Initializing com.ishland.c2me.notickvd.mixin
[20:36:19] [main/INFO]: Initializing com.ishland.c2me.opts.allocs.mixin
[20:36:19] [main/INFO]: Initializing com.ishland.c2me.opts.chunkio.mixin
[20:36:19] [main/INFO]: Initializing com.ishland.c2me.opts.dfc.mixin
[20:36:19] [main/INFO]: Initializing com.ishland.c2me.opts.math.mixin
[20:36:19] [main/INFO]: Initializing com.ishland.c2me.opts.natives_math.mixin
[20:36:19] [main/INFO]: Attempting to call native library. If your game crashes right after this point, native acceleration may not be available for your system.
[20:36:19] [main/INFO]: Detected maximum supported ISA target: AVX2
[20:36:19] [main/INFO]: Initializing com.ishland.c2me.opts.scheduling.mixin
[20:36:19] [main/INFO]: Initializing com.ishland.c2me.opts.worldgen.general.mixin
[20:36:19] [main/INFO]: Initializing com.ishland.c2me.opts.worldgen.vanilla.mixin
[20:36:19] [main/INFO]: Initializing com.ishland.c2me.rewrites.chunk_serializer.mixin
[20:36:19] [main/INFO]: Disabling com.ishland.c2me.rewrites.chunk_serializer.mixin
[20:36:19] [main/INFO]: Initializing com.ishland.c2me.rewrites.chunksystem.mixin
[20:36:19] [main/INFO]: Initializing com.ishland.c2me.rewrites.chunkio.mixin
[20:36:19] [main/INFO]: Initializing com.ishland.c2me.server.utils.mixin
[20:36:19] [main/INFO]: Initializing com.ishland.c2me.threading.lighting.mixin
[20:36:19] [main/WARN]: Reference map 'kuma_api.refmap.json' for kuma_api.mixins.json could not be read. If this is a development environment you can ignore this message
[20:36:19] [main/WARN]: Reference map 'kuma_api.refmap.json' for kuma_api.fabric.mixins.json could not be read. If this is a development environment you can ignore this message
[20:36:19] [main/INFO]: Loaded configuration file for Lithium: 171 options available, 0 override(s) found.
[20:36:19] [main/WARN]: Reference map 'skinrestorer.refmap.json' for skinrestorer.mixins.json could not be read. If this is a development environment you can ignore this message
[20:36:19] [main/WARN]: Reference map 'skinrestorer.refmap.json' for skinrestorer.fabric.mixins.json could not be read. If this is a development environment you can ignore this message
[20:36:19] [main/INFO]: Successfully started async appender with [SysOut, ServerGuiConsole, Tracy, File]
[20:36:20] [main/WARN]: Error loading class: ca/spottedleaf/starlight/common/integration/v0/ChunkSystemHooks (java.lang.ClassNotFoundException: ca/spottedleaf/starlight/common/integration/v0/ChunkSystemHooks)
[20:36:20] [main/WARN]: @Mixin target ca/spottedleaf/starlight/common/integration/v0/ChunkSystemHooks was not found c2me-rewrites-chunk-system.mixins.json:scalablelux.MixinChunkSystemHooks from mod c2me-rewrites-chunk-system
[20:36:20] [main/WARN]: Error loading class: ca/spottedleaf/starlight/common/thread/SchedulingUtil (java.lang.ClassNotFoundException: ca/spottedleaf/starlight/common/thread/SchedulingUtil)
[20:36:20] [main/WARN]: Error loading class: com/ishland/c2me/opts/accel/opencl/mixin/deobf/MixinNoiseChunkGenerator (java.lang.ClassNotFoundException: com/ishland/c2me/opts/accel/opencl/mixin/deobf/MixinNoiseChunkGenerator)
[20:36:20] [main/WARN]: Error loading class: com/simibubi/create/content/kinetics/base/BlockBreakingKineticBlockEntity (java.lang.ClassNotFoundException: com/simibubi/create/content/kinetics/base/BlockBreakingKineticBlockEntity)
[20:36:20] [main/INFO]: Initializing MixinExtras via com.llamalad7.mixinextras.service.MixinExtrasServiceImpl(version=0.5.4).
[20:36:28] [main/INFO]: Mod proxy balm:permissions resolved as net.blay09.mods.balm.fabric.platform.compatibility.permissions.internal.FabricPermissionsAPIIntegration@4596c078
[20:36:28] [main/INFO]: Cushion Backport initializing!
[20:36:28] [main/INFO]: Loading essentials config
[20:36:28] [main/INFO]: Compression will use libdeflate (Linux x86_64), encryption will use OpenSSL 3.x.x (Linux x86_64)
[20:36:28] [main/INFO]: Loading Noisium.
[20:36:28] [main/INFO]: Loaded Noisium config from resource
[20:36:28] [main/INFO]: Noisium config: noiseChunkGenerator=true, generationShapeConfig=true, chunkSection=true, chainedBlockSource=true, useGuiGraphics=true
[20:36:28] [main/INFO]: Loaded Fabric config from ./config/noisium.json
[20:36:28] [main/INFO]: Initializing Distant Horizons server, firing DhApiBeforeDhInitEvent event...
[20:36:28] [main/INFO]: Running library validation...
[20:36:28] [main/INFO]: Distant Horizons, Version: 3.2.0-b
[20:36:28] [main/INFO]: Registering Fabric Server Events
[20:36:28] [main/INFO]: Skipping mod compatibility accessor for: [starlight]
[20:36:28] [main/INFO]: Skipping mod compatibility accessor for: [optifine]
[20:36:28] [main/INFO]: Skipping mod compatibility accessor for: [bclib]
[20:36:28] [main/INFO]: Registered mod compatibility accessor for: [c2me].
[20:36:28] [main/INFO]: Skipping mod compatibility accessor for: [imm_ptl_core]
[20:36:28] [main/INFO]: Skipping mod compatibility accessor for: [iris]
[20:36:28] [main/INFO]: Distant Horizons server Initialized, adding event subscribers...
[20:36:28] [main/INFO]: Krypton is now accelerating your Minecraft server's networking stack 🚀
[20:36:29] [main/INFO]: Loading configuration...
[20:36:29] [main/INFO]: Environment: Environment[sessionHost=https://sessionserver.mojang.com, servicesHost=https://api.minecraftservices.com, profilesHost=https://api.mojang.com, name=PROD]
[20:36:31] [main/INFO]: Loaded 1548 recipes
[20:36:31] [main/INFO]: Loaded 1617 advancements
[20:36:31] [ForkJoinPool.commonPool-worker-1/INFO]: Loaded 174 translation keys
[20:36:31] [main/INFO]: Applied 0 biome modifications to 0 of 65 new biomes in 3.280 ms
[20:36:31] [Server thread/INFO]: Initialising config for [DistantHorizons]
[20:36:31] [Server thread/INFO]: [DistantHorizons] Config initialised
[20:36:31] [Server thread/INFO]: Dimension ignoring disabled, DH will render all dimensions.
[20:36:31] [Server thread/INFO]: Applying config to loggers
[20:36:31] [Server thread/INFO]: Garbage collectors: [G1 Young Generation, G1 Concurrent GC, G1 Old Generation]
[20:36:31] [Server thread/WARN]: Distant Horizons: G1 Garbage collector detected.
This can cause FPS stuttering. 
It's recommended to use a concurrent garbage collector 
like ZGC (Java 21+) or Shenandoah (Java 8 through 17) 
for a smoother experience. 
This warning can be disabled in the DH config.
[20:36:31] [Server thread/INFO]: Explicit Garbage Collection: [Disabled]
[20:36:31] [Server thread/WARN]: Distant Horizons: Explicit Garbage Collection Disabled.
This can cause out of memory crashes. 
The reason explicit GC would be disabled is to prevent 
stuttering, which is better fixed by using a concurrent 
garbage collector like 
ZGC (Java 21+) or Shenandoah (Java 8 through 17). 
This warning can be disabled in the DH config.
[20:36:31] [Server thread/INFO]: Running Delayed setup...
[20:36:31] [Server thread/INFO]: Delayed setup complete, firing DhApiAfterDhInitEvent event...
[20:36:31] [Server thread/INFO]: Checking for Distant Horizons [STABLE] update for MC [26.1.2]...
[20:36:32] [Server thread/INFO]: New version (3.3.3 - 26.1.2 neo/fabric) of Distant Horizons is available
[20:36:32] [Server thread/INFO]: Download link: https://cdn.modrinth.com/data/uCdwusMi/versions/QHxoccsN/DistantHorizons-3.3.3-26.1.2-fabric-neoforge.jar
[20:36:32] [Server thread/INFO]: Distant Horizons server Initialized at 
[20:36:32] [Server thread/INFO]: Starting background profiler...
[20:36:32] [Server thread/INFO]: Started [DhServerWorld] of type [SERVER_ONLY].
[20:36:32] [Server thread/INFO]:         __    
[20:36:32] [Server thread/INFO]:   |    |__)   LuckPerms v5.5.57
[20:36:32] [Server thread/INFO]:   |___ |      Running on Fabric - fabric@unknown
[20:36:32] [Server thread/INFO]: 
[20:36:32] [Server thread/INFO]: Loading storage provider... [H2]
[20:36:33] [Server thread/INFO]: Loading internal permission managers...
[20:36:33] [Server thread/INFO]: Performing initial data load...
[20:36:33] [Server thread/INFO]: Successfully enabled. (took 343ms)
[20:36:33] [Server thread/INFO]: Starting minecraft server version 26.1.2
[20:36:33] [Server thread/INFO]: Loading properties
[20:36:33] [Server thread/INFO]: Default game type: SURVIVAL
[20:36:33] [Server thread/INFO]: Generating keypair
[20:36:33] [Server thread/INFO]: Starting Minecraft server on *:25565
[20:36:33] [Server thread/WARN]: **** SERVER IS RUNNING IN OFFLINE/INSECURE MODE!
[20:36:33] [Server thread/WARN]: The server will make no attempt to authenticate usernames. Beware.
[20:36:33] [Server thread/WARN]: While this makes the game possible to play without internet access, it also opens up the ability for hackers to connect with any username they choose.
[20:36:33] [Server thread/WARN]: To change this, set "online-mode" to "true" in the server.properties file.
[20:36:33] [Server thread/INFO]: Preparing level "world"
[20:36:33] [Server thread/INFO]: Enforcing safe world random access
[20:36:34] [Server thread/INFO]: [STDOUT]: Density function compilation finished in 351.8 ms
[20:36:34] [Server thread/INFO]: Changing watch distance to 12
[20:36:34] [Server thread/INFO]: Using TheSpeedyObjectFactory without Unsafe
[20:36:34] [DH-Full Data Migration Thread[0]/INFO]: No migration necessary.
[20:36:34] [Server thread/INFO]: Started DhServerLevel for [Wrapped{ServerLevel[world]@minecraft:overworld}] at [[LocalSaveStructure@(./world/dimensions/minecraft/overworld/data)]].
[20:36:34] [Server thread/INFO]: [STDOUT]: Density function compilation finished in 14.78 ms
[20:36:34] [Server thread/INFO]: Changing watch distance to 12
[20:36:34] [DH-Full Data Migration Thread[0]/INFO]: No migration necessary.
[20:36:34] [Server thread/INFO]: Started DhServerLevel for [Wrapped{ServerLevel[world]@minecraft:the_end}] at [[LocalSaveStructure@(./world/dimensions/minecraft/overworld/data;./world/dimensions/minecraft/the_end/data)]].
[20:36:34] [Server thread/INFO]: [STDOUT]: Density function compilation finished in 11.38 ms
[20:36:34] [Server thread/INFO]: Changing watch distance to 12
[20:36:34] [DH-Full Data Migration Thread[0]/INFO]: No migration necessary.
[20:36:34] [Server thread/INFO]: Started DhServerLevel for [Wrapped{ServerLevel[world]@minecraft:the_nether}] at [[LocalSaveStructure@(./world/dimensions/minecraft/overworld/data;./world/dimensions/minecraft/the_nether/data;./world/dimensions/minecraft/the_end/data)]].
[20:36:34] [Server thread/INFO]: Loading 0 persistent chunks...
[20:36:34] [Server thread/INFO]: Preparing spawn area: 100%
[20:36:34] [Server thread/INFO]: Time elapsed: 11 ms
[20:36:34] [Server thread/INFO]: Done (1.378s)! For help, type "help"
[20:36:34] [Server thread/INFO]: Saving chunks for level 'ServerLevel[world]'/minecraft:overworld
[20:36:34] [Server thread/INFO]: Saving chunks for level 'ServerLevel[world]'/minecraft:the_end
[20:36:34] [Server thread/INFO]: Saving chunks for level 'ServerLevel[world]'/minecraft:the_nether
[20:36:34] [Server thread/INFO]: ThreadedAnvilChunkStorage (world): All chunks are saved
[20:36:34] [Server thread/INFO]: ThreadedAnvilChunkStorage (DIM1): All chunks are saved
[20:36:34] [Server thread/INFO]: ThreadedAnvilChunkStorage (DIM-1): All chunks are saved
[20:36:34] [Server thread/INFO]: ThreadedAnvilChunkStorage: All dimensions are saved
[20:36:34] [DH-Request Module Ticker [minecraft:overworld] Thread[0]/INFO]: C2ME detected: DH's pre-existing chunk accessing will use methods handled by C2ME.
[20:36:34] [DH-Request Module Ticker [minecraft:overworld] Thread[0]/INFO]: Batch Chunk Generator initialized
[20:36:34] [DH-Request Module Ticker [minecraft:overworld] Thread[0]/INFO]: Creating world gen queue
[20:36:34] [DH-Request Module Ticker [minecraft:overworld] Thread[0]/INFO]: Created world gen queue
[20:36:34] [DH-Request Module Ticker [minecraft:overworld] Thread[0]/INFO]: Set world gen queue for level [minecraft:overworld].
[20:36:35] [DH-Request Module Ticker [minecraft:the_end] Thread[0]/INFO]: C2ME detected: DH's pre-existing chunk accessing will use methods handled by C2ME.
[20:36:35] [DH-Request Module Ticker [minecraft:the_end] Thread[0]/INFO]: Batch Chunk Generator initialized
[20:36:35] [DH-Request Module Ticker [minecraft:the_end] Thread[0]/INFO]: Creating world gen queue
[20:36:35] [DH-Request Module Ticker [minecraft:the_end] Thread[0]/INFO]: Created world gen queue
[20:36:35] [DH-Request Module Ticker [minecraft:the_end] Thread[0]/INFO]: Set world gen queue for level [minecraft:the_end].
[20:36:35] [DH-Request Module Ticker [minecraft:the_nether] Thread[0]/INFO]: C2ME detected: DH's pre-existing chunk accessing will use methods handled by C2ME.
[20:36:35] [DH-Request Module Ticker [minecraft:the_nether] Thread[0]/INFO]: Batch Chunk Generator initialized
[20:36:35] [DH-Request Module Ticker [minecraft:the_nether] Thread[0]/INFO]: Creating world gen queue
[20:36:35] [DH-Request Module Ticker [minecraft:the_nether] Thread[0]/INFO]: Created world gen queue
[20:36:35] [DH-Request Module Ticker [minecraft:the_nether] Thread[0]/INFO]: Set world gen queue for level [minecraft:the_nether].
[20:36:39] [SkinRestorer-Fetch-1/WARN]: Failed to fetch skin 'mojang:Joseph-Stalin-67'
java.lang.IllegalStateException: not found
	at knot//net.lionarius.skinrestorer.util.WebUtils.throwOnClientErrors(WebUtils.java:141)
	at knot//net.lionarius.skinrestorer.skin.provider.base.YggdrasilSkinProvider.getProfile(YggdrasilSkinProvider.java:52)
	at knot//net.lionarius.skinrestorer.skin.provider.builtin.MojangSkinProvider.access$100(MojangSkinProvider.java:19)
	at knot//net.lionarius.skinrestorer.skin.provider.builtin.MojangSkinProvider$1.findProfileByName(MojangSkinProvider.java:58)
	at knot//net.minecraft.server.players.CachedUserNameToIdResolver.lookupGameProfile(CachedUserNameToIdResolver.java:73)
	at knot//net.minecraft.server.players.CachedUserNameToIdResolver.get(CachedUserNameToIdResolver.java:134)
	at knot//net.lionarius.skinrestorer.skin.provider.builtin.MojangSkinProvider.resolveUuid(MojangSkinProvider.java:89)
	at knot//net.lionarius.skinrestorer.skin.provider.base.ProfileSkinProvider.getCacheKey(ProfileSkinProvider.java:40)
	at knot//net.lionarius.skinrestorer.skin.provider.base.ProfileSkinProvider.getCacheKey(ProfileSkinProvider.java:17)
	at knot//net.lionarius.skinrestorer.skin.provider.base.AbstractSkinProvider.fetchSkin(AbstractSkinProvider.java:52)
	at knot//net.minecraft.server.network.ServerLoginPacketListenerImpl.md9a601d$skinrestorer$lambda$skinrestorer$fetchSkin$0$2(ServerLoginPacketListenerImpl.java:3141)
	at java.base/java.util.Optional.map(Unknown Source)
	at knot//net.minecraft.server.network.ServerLoginPacketListenerImpl.skinrestorer$fetchSkin(ServerLoginPacketListenerImpl.java:3141)
	at knot//net.minecraft.server.network.ServerLoginPacketListenerImpl.md9a601d$skinrestorer$lambda$waitForSkin$0$5(ServerLoginPacketListenerImpl.java:3097)
	at java.base/java.util.concurrent.CompletableFuture$AsyncSupply.run(Unknown Source)
	at java.base/java.util.concurrent.ThreadPoolExecutor.runWorker(Unknown Source)
	at java.base/java.util.concurrent.ThreadPoolExecutor$Worker.run(Unknown Source)
	at java.base/java.lang.Thread.run(Unknown Source)
[20:36:40] [Server thread/INFO]: Joseph-Stalin-67[/100.108.159.104:51083] logged in with entity id 99 at (138.13005365338506, 63.0, -2222.3237705036568)
[20:36:40] [Server thread/INFO]: Player [Joseph-Stalin-67] joined.
[20:36:40] [Server thread/INFO]: Joseph-Stalin-67 joined the game
[21:00:46] [SkinRestorer-Fetch-2/WARN]: Failed to fetch skin 'mojang:WolfKnight11123'
java.lang.IllegalStateException: not found
	at knot//net.lionarius.skinrestorer.util.WebUtils.throwOnClientErrors(WebUtils.java:141)
	at knot//net.lionarius.skinrestorer.skin.provider.base.YggdrasilSkinProvider.getProfile(YggdrasilSkinProvider.java:52)
	at knot//net.lionarius.skinrestorer.skin.provider.builtin.MojangSkinProvider.access$100(MojangSkinProvider.java:19)
	at knot//net.lionarius.skinrestorer.skin.provider.builtin.MojangSkinProvider$1.findProfileByName(MojangSkinProvider.java:58)
	at knot//net.minecraft.server.players.CachedUserNameToIdResolver.lookupGameProfile(CachedUserNameToIdResolver.java:73)
	at knot//net.minecraft.server.players.CachedUserNameToIdResolver.get(CachedUserNameToIdResolver.java:134)
	at knot//net.lionarius.skinrestorer.skin.provider.builtin.MojangSkinProvider.resolveUuid(MojangSkinProvider.java:89)
	at knot//net.lionarius.skinrestorer.skin.provider.base.ProfileSkinProvider.getCacheKey(ProfileSkinProvider.java:40)
	at knot//net.lionarius.skinrestorer.skin.provider.base.ProfileSkinProvider.getCacheKey(ProfileSkinProvider.java:17)
	at knot//net.lionarius.skinrestorer.skin.provider.base.AbstractSkinProvider.fetchSkin(AbstractSkinProvider.java:52)
	at knot//net.minecraft.server.network.ServerLoginPacketListenerImpl.md9a601d$skinrestorer$lambda$skinrestorer$fetchSkin$0$2(ServerLoginPacketListenerImpl.java:3141)
	at java.base/java.util.Optional.map(Unknown Source)
	at knot//net.minecraft.server.network.ServerLoginPacketListenerImpl.skinrestorer$fetchSkin(ServerLoginPacketListenerImpl.java:3141)
	at knot//net.minecraft.server.network.ServerLoginPacketListenerImpl.md9a601d$skinrestorer$lambda$waitForSkin$0$5(ServerLoginPacketListenerImpl.java:3097)
	at java.base/java.util.concurrent.CompletableFuture$AsyncSupply.run(Unknown Source)
	at java.base/java.util.concurrent.ThreadPoolExecutor.runWorker(Unknown Source)
	at java.base/java.util.concurrent.ThreadPoolExecutor$Worker.run(Unknown Source)
	at java.base/java.lang.Thread.run(Unknown Source)
[21:00:46] [Server thread/INFO]: WolfKnight11123[/127.0.0.1:40272] logged in with entity id 5068 at (137.5229999023646, 63.0, -2227.699999988079)
[21:00:46] [Server thread/INFO]: Player [WolfKnight11123] joined.
[21:00:46] [Server thread/INFO]: WolfKnight11123 joined the game
[21:16:54] [SkinRestorer-Fetch-3/WARN]: Failed to fetch skin 'mojang:devashutoshkumar'
java.lang.IllegalStateException: not found
	at knot//net.lionarius.skinrestorer.util.WebUtils.throwOnClientErrors(WebUtils.java:141)
	at knot//net.lionarius.skinrestorer.skin.provider.base.YggdrasilSkinProvider.getProfile(YggdrasilSkinProvider.java:52)
	at knot//net.lionarius.skinrestorer.skin.provider.builtin.MojangSkinProvider.access$100(MojangSkinProvider.java:19)
	at knot//net.lionarius.skinrestorer.skin.provider.builtin.MojangSkinProvider$1.findProfileByName(MojangSkinProvider.java:58)
	at knot//net.minecraft.server.players.CachedUserNameToIdResolver.lookupGameProfile(CachedUserNameToIdResolver.java:73)
	at knot//net.minecraft.server.players.CachedUserNameToIdResolver.get(CachedUserNameToIdResolver.java:134)
	at knot//net.lionarius.skinrestorer.skin.provider.builtin.MojangSkinProvider.resolveUuid(MojangSkinProvider.java:89)
	at knot//net.lionarius.skinrestorer.skin.provider.base.ProfileSkinProvider.getCacheKey(ProfileSkinProvider.java:40)
	at knot//net.lionarius.skinrestorer.skin.provider.base.ProfileSkinProvider.getCacheKey(ProfileSkinProvider.java:17)
	at knot//net.lionarius.skinrestorer.skin.provider.base.AbstractSkinProvider.fetchSkin(AbstractSkinProvider.java:52)
	at knot//net.minecraft.server.network.ServerLoginPacketListenerImpl.md9a601d$skinrestorer$lambda$skinrestorer$fetchSkin$0$2(ServerLoginPacketListenerImpl.java:3141)
	at java.base/java.util.Optional.map(Unknown Source)
	at knot//net.minecraft.server.network.ServerLoginPacketListenerImpl.skinrestorer$fetchSkin(ServerLoginPacketListenerImpl.java:3141)
	at knot//net.minecraft.server.network.ServerLoginPacketListenerImpl.md9a601d$skinrestorer$lambda$waitForSkin$0$5(ServerLoginPacketListenerImpl.java:3097)
	at java.base/java.util.concurrent.CompletableFuture$AsyncSupply.run(Unknown Source)
	at java.base/java.util.concurrent.ThreadPoolExecutor.runWorker(Unknown Source)
	at java.base/java.util.concurrent.ThreadPoolExecutor$Worker.run(Unknown Source)
	at java.base/java.lang.Thread.run(Unknown Source)
[21:16:55] [Server thread/INFO]: devashutoshkumar (6444e8e7-9b38-3549-b1e4-1bd40b0dab75) lost connection: Disconnected
[21:18:08] [SkinRestorer-Fetch-4/WARN]: Failed to fetch skin 'mojang:devashutoshkumar'
java.lang.IllegalStateException: not found
	at knot//net.lionarius.skinrestorer.util.WebUtils.throwOnClientErrors(WebUtils.java:141)
	at knot//net.lionarius.skinrestorer.skin.provider.base.YggdrasilSkinProvider.getProfile(YggdrasilSkinProvider.java:52)
	at knot//net.lionarius.skinrestorer.skin.provider.builtin.MojangSkinProvider.access$100(MojangSkinProvider.java:19)
	at knot//net.lionarius.skinrestorer.skin.provider.builtin.MojangSkinProvider$1.findProfileByName(MojangSkinProvider.java:58)
	at knot//net.minecraft.server.players.CachedUserNameToIdResolver.lookupGameProfile(CachedUserNameToIdResolver.java:73)
	at knot//net.minecraft.server.players.CachedUserNameToIdResolver.get(CachedUserNameToIdResolver.java:134)
	at knot//net.lionarius.skinrestorer.skin.provider.builtin.MojangSkinProvider.resolveUuid(MojangSkinProvider.java:89)
	at knot//net.lionarius.skinrestorer.skin.provider.base.ProfileSkinProvider.getCacheKey(ProfileSkinProvider.java:40)
	at knot//net.lionarius.skinrestorer.skin.provider.base.ProfileSkinProvider.getCacheKey(ProfileSkinProvider.java:17)
	at knot//net.lionarius.skinrestorer.skin.provider.base.AbstractSkinProvider.fetchSkin(AbstractSkinProvider.java:52)
	at knot//net.minecraft.server.network.ServerLoginPacketListenerImpl.md9a601d$skinrestorer$lambda$skinrestorer$fetchSkin$0$2(ServerLoginPacketListenerImpl.java:3141)
	at java.base/java.util.Optional.map(Unknown Source)
	at knot//net.minecraft.server.network.ServerLoginPacketListenerImpl.skinrestorer$fetchSkin(ServerLoginPacketListenerImpl.java:3141)
	at knot//net.minecraft.server.network.ServerLoginPacketListenerImpl.md9a601d$skinrestorer$lambda$waitForSkin$0$5(ServerLoginPacketListenerImpl.java:3097)
	at java.base/java.util.concurrent.CompletableFuture$AsyncSupply.run(Unknown Source)
	at java.base/java.util.concurrent.ThreadPoolExecutor.runWorker(Unknown Source)
	at java.base/java.util.concurrent.ThreadPoolExecutor$Worker.run(Unknown Source)
	at java.base/java.lang.Thread.run(Unknown Source)
[21:18:09] [Server thread/INFO]: devashutoshkumar (6444e8e7-9b38-3549-b1e4-1bd40b0dab75) lost connection: Disconnected
[21:20:20] [Netty Epoll IO #5/INFO]: Player [WolfKnight11123] disconnected.
[21:20:20] [Server thread/INFO]: WolfKnight11123 lost connection: Disconnected
[21:20:20] [Server thread/INFO]: WolfKnight11123 left the game
[21:22:18] [Server thread/INFO]: Joseph-Stalin-67 has made the advancement [Wax Off]
[21:22:22] [Server thread/INFO]: Joseph-Stalin-67 has made the advancement [Wax On]
[21:22:33] [SkinRestorer-Fetch-5/WARN]: Failed to fetch skin 'mojang:devashutoshkumar'
java.lang.IllegalStateException: not found
	at knot//net.lionarius.skinrestorer.util.WebUtils.throwOnClientErrors(WebUtils.java:141)
	at knot//net.lionarius.skinrestorer.skin.provider.base.YggdrasilSkinProvider.getProfile(YggdrasilSkinProvider.java:52)
	at knot//net.lionarius.skinrestorer.skin.provider.builtin.MojangSkinProvider.access$100(MojangSkinProvider.java:19)
	at knot//net.lionarius.skinrestorer.skin.provider.builtin.MojangSkinProvider$1.findProfileByName(MojangSkinProvider.java:58)
	at knot//net.minecraft.server.players.CachedUserNameToIdResolver.lookupGameProfile(CachedUserNameToIdResolver.java:73)
	at knot//net.minecraft.server.players.CachedUserNameToIdResolver.get(CachedUserNameToIdResolver.java:134)
	at knot//net.lionarius.skinrestorer.skin.provider.builtin.MojangSkinProvider.resolveUuid(MojangSkinProvider.java:89)
	at knot//net.lionarius.skinrestorer.skin.provider.base.ProfileSkinProvider.getCacheKey(ProfileSkinProvider.java:40)
	at knot//net.lionarius.skinrestorer.skin.provider.base.ProfileSkinProvider.getCacheKey(ProfileSkinProvider.java:17)
	at knot//net.lionarius.skinrestorer.skin.provider.base.AbstractSkinProvider.fetchSkin(AbstractSkinProvider.java:52)
	at knot//net.minecraft.server.network.ServerLoginPacketListenerImpl.md9a601d$skinrestorer$lambda$skinrestorer$fetchSkin$0$2(ServerLoginPacketListenerImpl.java:3141)
	at java.base/java.util.Optional.map(Unknown Source)
	at knot//net.minecraft.server.network.ServerLoginPacketListenerImpl.skinrestorer$fetchSkin(ServerLoginPacketListenerImpl.java:3141)
	at knot//net.minecraft.server.network.ServerLoginPacketListenerImpl.md9a601d$skinrestorer$lambda$waitForSkin$0$5(ServerLoginPacketListenerImpl.java:3097)
	at java.base/java.util.concurrent.CompletableFuture$AsyncSupply.run(Unknown Source)
	at java.base/java.util.concurrent.ThreadPoolExecutor.runWorker(Unknown Source)
	at java.base/java.util.concurrent.ThreadPoolExecutor$Worker.run(Unknown Source)
	at java.base/java.lang.Thread.run(Unknown Source)
[21:22:35] [Server thread/INFO]: devashutoshkumar[/100.114.127.9:57791] logged in with entity id 9492 at (-4.5, 99.0, -6.5)
[21:22:35] [Server thread/INFO]: Player [devashutoshkumar] joined.
[21:22:35] [Server thread/INFO]: devashutoshkumar joined the game
[21:23:11] [SkinRestorer-Fetch-6/WARN]: Failed to fetch skin 'mojang:WolfKnight11123'
java.lang.IllegalStateException: not found
	at knot//net.lionarius.skinrestorer.util.WebUtils.throwOnClientErrors(WebUtils.java:141)
	at knot//net.lionarius.skinrestorer.skin.provider.base.YggdrasilSkinProvider.getProfile(YggdrasilSkinProvider.java:52)
	at knot//net.lionarius.skinrestorer.skin.provider.builtin.MojangSkinProvider.access$100(MojangSkinProvider.java:19)
	at knot//net.lionarius.skinrestorer.skin.provider.builtin.MojangSkinProvider$1.findProfileByName(MojangSkinProvider.java:58)
	at knot//net.minecraft.server.players.CachedUserNameToIdResolver.lookupGameProfile(CachedUserNameToIdResolver.java:73)
	at knot//net.minecraft.server.players.CachedUserNameToIdResolver.get(CachedUserNameToIdResolver.java:134)
	at knot//net.lionarius.skinrestorer.skin.provider.builtin.MojangSkinProvider.resolveUuid(MojangSkinProvider.java:89)
	at knot//net.lionarius.skinrestorer.skin.provider.base.ProfileSkinProvider.getCacheKey(ProfileSkinProvider.java:40)
	at knot//net.lionarius.skinrestorer.skin.provider.base.ProfileSkinProvider.getCacheKey(ProfileSkinProvider.java:17)
	at knot//net.lionarius.skinrestorer.skin.provider.base.AbstractSkinProvider.fetchSkin(AbstractSkinProvider.java:52)
	at knot//net.minecraft.server.network.ServerLoginPacketListenerImpl.md9a601d$skinrestorer$lambda$skinrestorer$fetchSkin$0$2(ServerLoginPacketListenerImpl.java:3141)
	at java.base/java.util.Optional.map(Unknown Source)
	at knot//net.minecraft.server.network.ServerLoginPacketListenerImpl.skinrestorer$fetchSkin(ServerLoginPacketListenerImpl.java:3141)
	at knot//net.minecraft.server.network.ServerLoginPacketListenerImpl.md9a601d$skinrestorer$lambda$waitForSkin$0$5(ServerLoginPacketListenerImpl.java:3097)
	at java.base/java.util.concurrent.CompletableFuture$AsyncSupply.run(Unknown Source)
	at java.base/java.util.concurrent.ThreadPoolExecutor.runWorker(Unknown Source)
	at java.base/java.util.concurrent.ThreadPoolExecutor$Worker.run(Unknown Source)
	at java.base/java.lang.Thread.run(Unknown Source)
[21:23:11] [Server thread/INFO]: WolfKnight11123[/127.0.0.1:39316] logged in with entity id 9846 at (135.97571034891033, 63.0, -2215.034111364536)
[21:23:11] [Server thread/INFO]: Player [WolfKnight11123] joined.
[21:23:11] [Server thread/INFO]: WolfKnight11123 joined the game
[21:29:23] [Netty Epoll IO #12/INFO]: Player [WolfKnight11123] disconnected.
[21:29:23] [Server thread/INFO]: WolfKnight11123 lost connection: Disconnected
[21:29:23] [Server thread/INFO]: WolfKnight11123 left the game
[21:29:31] [SkinRestorer-Fetch-7/WARN]: Failed to fetch skin 'mojang:WolfKnight11123'
java.lang.IllegalStateException: not found
	at knot//net.lionarius.skinrestorer.util.WebUtils.throwOnClientErrors(WebUtils.java:141)
	at knot//net.lionarius.skinrestorer.skin.provider.base.YggdrasilSkinProvider.getProfile(YggdrasilSkinProvider.java:52)
	at knot//net.lionarius.skinrestorer.skin.provider.builtin.MojangSkinProvider.access$100(MojangSkinProvider.java:19)
	at knot//net.lionarius.skinrestorer.skin.provider.builtin.MojangSkinProvider$1.findProfileByName(MojangSkinProvider.java:58)
	at knot//net.minecraft.server.players.CachedUserNameToIdResolver.lookupGameProfile(CachedUserNameToIdResolver.java:73)
	at knot//net.minecraft.server.players.CachedUserNameToIdResolver.get(CachedUserNameToIdResolver.java:134)
	at knot//net.lionarius.skinrestorer.skin.provider.builtin.MojangSkinProvider.resolveUuid(MojangSkinProvider.java:89)
	at knot//net.lionarius.skinrestorer.skin.provider.base.ProfileSkinProvider.getCacheKey(ProfileSkinProvider.java:40)
	at knot//net.lionarius.skinrestorer.skin.provider.base.ProfileSkinProvider.getCacheKey(ProfileSkinProvider.java:17)
	at knot//net.lionarius.skinrestorer.skin.provider.base.AbstractSkinProvider.fetchSkin(AbstractSkinProvider.java:52)
	at knot//net.minecraft.server.network.ServerLoginPacketListenerImpl.md9a601d$skinrestorer$lambda$skinrestorer$fetchSkin$0$2(ServerLoginPacketListenerImpl.java:3141)
	at java.base/java.util.Optional.map(Unknown Source)
	at knot//net.minecraft.server.network.ServerLoginPacketListenerImpl.skinrestorer$fetchSkin(ServerLoginPacketListenerImpl.java:3141)
	at knot//net.minecraft.server.network.ServerLoginPacketListenerImpl.md9a601d$skinrestorer$lambda$waitForSkin$0$5(ServerLoginPacketListenerImpl.java:3097)
	at java.base/java.util.concurrent.CompletableFuture$AsyncSupply.run(Unknown Source)
	at java.base/java.util.concurrent.ThreadPoolExecutor.runWorker(Unknown Source)
	at java.base/java.util.concurrent.ThreadPoolExecutor$Worker.run(Unknown Source)
	at java.base/java.lang.Thread.run(Unknown Source)
[21:29:31] [Server thread/INFO]: WolfKnight11123[/127.0.0.1:33558] logged in with entity id 11493 at (144.81735170872298, 64.0, -2172.481813652453)
[21:29:31] [Server thread/INFO]: Player [WolfKnight11123] joined.
[21:29:31] [Server thread/INFO]: WolfKnight11123 joined the game
[21:31:18] [SkinRestorer-Fetch-8/WARN]: Failed to fetch skin 'mojang:advaitong'
java.lang.IllegalStateException: not found
	at knot//net.lionarius.skinrestorer.util.WebUtils.throwOnClientErrors(WebUtils.java:141)
	at knot//net.lionarius.skinrestorer.skin.provider.base.YggdrasilSkinProvider.getProfile(YggdrasilSkinProvider.java:52)
	at knot//net.lionarius.skinrestorer.skin.provider.builtin.MojangSkinProvider.access$100(MojangSkinProvider.java:19)
	at knot//net.lionarius.skinrestorer.skin.provider.builtin.MojangSkinProvider$1.findProfileByName(MojangSkinProvider.java:58)
	at knot//net.minecraft.server.players.CachedUserNameToIdResolver.lookupGameProfile(CachedUserNameToIdResolver.java:73)
	at knot//net.minecraft.server.players.CachedUserNameToIdResolver.get(CachedUserNameToIdResolver.java:134)
	at knot//net.lionarius.skinrestorer.skin.provider.builtin.MojangSkinProvider.resolveUuid(MojangSkinProvider.java:89)
	at knot//net.lionarius.skinrestorer.skin.provider.base.ProfileSkinProvider.getCacheKey(ProfileSkinProvider.java:40)
	at knot//net.lionarius.skinrestorer.skin.provider.base.ProfileSkinProvider.getCacheKey(ProfileSkinProvider.java:17)
	at knot//net.lionarius.skinrestorer.skin.provider.base.AbstractSkinProvider.fetchSkin(AbstractSkinProvider.java:52)
	at knot//net.minecraft.server.network.ServerLoginPacketListenerImpl.md9a601d$skinrestorer$lambda$skinrestorer$fetchSkin$0$2(ServerLoginPacketListenerImpl.java:3141)
	at java.base/java.util.Optional.map(Unknown Source)
	at knot//net.minecraft.server.network.ServerLoginPacketListenerImpl.skinrestorer$fetchSkin(ServerLoginPacketListenerImpl.java:3141)
	at knot//net.minecraft.server.network.ServerLoginPacketListenerImpl.md9a601d$skinrestorer$lambda$waitForSkin$0$5(ServerLoginPacketListenerImpl.java:3097)
	at java.base/java.util.concurrent.CompletableFuture$AsyncSupply.run(Unknown Source)
	at java.base/java.util.concurrent.ThreadPoolExecutor.runWorker(Unknown Source)
	at java.base/java.util.concurrent.ThreadPoolExecutor$Worker.run(Unknown Source)
	at java.base/java.lang.Thread.run(Unknown Source)
[21:31:20] [Server thread/INFO]: advaitong[/100.72.174.112:49434] logged in with entity id 11738 at (9.5, 98.0, 8.5)
[21:31:20] [Server thread/INFO]: Player [advaitong] joined.
[21:31:20] [Server thread/INFO]: advaitong joined the game
[21:33:06] [Netty Epoll IO #2/INFO]: Player [advaitong] disconnected.
[21:33:06] [Server thread/INFO]: advaitong lost connection: Disconnected
[21:33:06] [Server thread/INFO]: advaitong left the game
[21:35:14] [Netty Epoll IO #11/INFO]: Player [devashutoshkumar] disconnected.
[21:35:14] [Server thread/INFO]: devashutoshkumar lost connection: Disconnected
[21:35:14] [Server thread/INFO]: devashutoshkumar left the game
[21:35:18] [SkinRestorer-Fetch-9/WARN]: Failed to fetch skin 'mojang:advaitong'
java.lang.IllegalStateException: not found
	at knot//net.lionarius.skinrestorer.util.WebUtils.throwOnClientErrors(WebUtils.java:141)
	at knot//net.lionarius.skinrestorer.skin.provider.base.YggdrasilSkinProvider.getProfile(YggdrasilSkinProvider.java:52)
	at knot//net.lionarius.skinrestorer.skin.provider.builtin.MojangSkinProvider.access$100(MojangSkinProvider.java:19)
	at knot//net.lionarius.skinrestorer.skin.provider.builtin.MojangSkinProvider$1.findProfileByName(MojangSkinProvider.java:58)
	at knot//net.minecraft.server.players.CachedUserNameToIdResolver.lookupGameProfile(CachedUserNameToIdResolver.java:73)
	at knot//net.minecraft.server.players.CachedUserNameToIdResolver.get(CachedUserNameToIdResolver.java:134)
	at knot//net.lionarius.skinrestorer.skin.provider.builtin.MojangSkinProvider.resolveUuid(MojangSkinProvider.java:89)
	at knot//net.lionarius.skinrestorer.skin.provider.base.ProfileSkinProvider.getCacheKey(ProfileSkinProvider.java:40)
	at knot//net.lionarius.skinrestorer.skin.provider.base.ProfileSkinProvider.getCacheKey(ProfileSkinProvider.java:17)
	at knot//net.lionarius.skinrestorer.skin.provider.base.AbstractSkinProvider.fetchSkin(AbstractSkinProvider.java:52)
	at knot//net.minecraft.server.network.ServerLoginPacketListenerImpl.md9a601d$skinrestorer$lambda$skinrestorer$fetchSkin$0$2(ServerLoginPacketListenerImpl.java:3141)
	at java.base/java.util.Optional.map(Unknown Source)
	at knot//net.minecraft.server.network.ServerLoginPacketListenerImpl.skinrestorer$fetchSkin(ServerLoginPacketListenerImpl.java:3141)
	at knot//net.minecraft.server.network.ServerLoginPacketListenerImpl.md9a601d$skinrestorer$lambda$waitForSkin$0$5(ServerLoginPacketListenerImpl.java:3097)
	at java.base/java.util.concurrent.CompletableFuture$AsyncSupply.run(Unknown Source)
	at java.base/java.util.concurrent.ThreadPoolExecutor.runWorker(Unknown Source)
	at java.base/java.util.concurrent.ThreadPoolExecutor$Worker.run(Unknown Source)
	at java.base/java.lang.Thread.run(Unknown Source)
[21:35:19] [Server thread/INFO]: advaitong[/100.72.174.112:49478] logged in with entity id 12756 at (-8.699999988079071, 105.0, 4.300000011920929)
[21:35:19] [Server thread/INFO]: Player [advaitong] joined.
[21:35:19] [Server thread/INFO]: advaitong joined the game
[21:36:55] [SkinRestorer-Fetch-10/WARN]: Failed to fetch skin 'mojang:devashutoshkumar'
java.lang.IllegalStateException: not found
	at knot//net.lionarius.skinrestorer.util.WebUtils.throwOnClientErrors(WebUtils.java:141)
	at knot//net.lionarius.skinrestorer.skin.provider.base.YggdrasilSkinProvider.getProfile(YggdrasilSkinProvider.java:52)
	at knot//net.lionarius.skinrestorer.skin.provider.builtin.MojangSkinProvider.access$100(MojangSkinProvider.java:19)
	at knot//net.lionarius.skinrestorer.skin.provider.builtin.MojangSkinProvider$1.findProfileByName(MojangSkinProvider.java:58)
	at knot//net.minecraft.server.players.CachedUserNameToIdResolver.lookupGameProfile(CachedUserNameToIdResolver.java:73)
	at knot//net.minecraft.server.players.CachedUserNameToIdResolver.get(CachedUserNameToIdResolver.java:134)
	at knot//net.lionarius.skinrestorer.skin.provider.builtin.MojangSkinProvider.resolveUuid(MojangSkinProvider.java:89)
	at knot//net.lionarius.skinrestorer.skin.provider.base.ProfileSkinProvider.getCacheKey(ProfileSkinProvider.java:40)
	at knot//net.lionarius.skinrestorer.skin.provider.base.ProfileSkinProvider.getCacheKey(ProfileSkinProvider.java:17)
	at knot//net.lionarius.skinrestorer.skin.provider.base.AbstractSkinProvider.fetchSkin(AbstractSkinProvider.java:52)
	at knot//net.minecraft.server.network.ServerLoginPacketListenerImpl.md9a601d$skinrestorer$lambda$skinrestorer$fetchSkin$0$2(ServerLoginPacketListenerImpl.java:3141)
	at java.base/java.util.Optional.map(Unknown Source)
	at knot//net.minecraft.server.network.ServerLoginPacketListenerImpl.skinrestorer$fetchSkin(ServerLoginPacketListenerImpl.java:3141)
	at knot//net.minecraft.server.network.ServerLoginPacketListenerImpl.md9a601d$skinrestorer$lambda$waitForSkin$0$5(ServerLoginPacketListenerImpl.java:3097)
	at java.base/java.util.concurrent.CompletableFuture$AsyncSupply.run(Unknown Source)
	at java.base/java.util.concurrent.ThreadPoolExecutor.runWorker(Unknown Source)
	at java.base/java.util.concurrent.ThreadPoolExecutor$Worker.run(Unknown Source)
	at java.base/java.lang.Thread.run(Unknown Source)
[21:36:56] [Server thread/INFO]: devashutoshkumar[/100.114.127.9:57934] logged in with entity id 13384 at (143.6941690951438, 64.0, -2172.566117268808)
[21:36:56] [Server thread/INFO]: Player [devashutoshkumar] joined.
[21:36:56] [Server thread/INFO]: devashutoshkumar joined the game
[21:37:00] [Server thread/INFO]: [Not Secure] <WolfKnight11123> warp tavern_mk1
[21:39:08] [Server thread/INFO]: Player [advaitong] disconnected.
[21:39:08] [Server thread/INFO]: advaitong lost connection: Disconnected
[21:39:08] [Server thread/INFO]: advaitong left the game
[21:41:03] [SkinRestorer-Fetch-11/WARN]: Failed to fetch skin 'mojang:advaitong'
java.lang.IllegalStateException: not found
	at knot//net.lionarius.skinrestorer.util.WebUtils.throwOnClientErrors(WebUtils.java:141)
	at knot//net.lionarius.skinrestorer.skin.provider.base.YggdrasilSkinProvider.getProfile(YggdrasilSkinProvider.java:52)
	at knot//net.lionarius.skinrestorer.skin.provider.builtin.MojangSkinProvider.access$100(MojangSkinProvider.java:19)
	at knot//net.lionarius.skinrestorer.skin.provider.builtin.MojangSkinProvider$1.findProfileByName(MojangSkinProvider.java:58)
	at knot//net.minecraft.server.players.CachedUserNameToIdResolver.lookupGameProfile(CachedUserNameToIdResolver.java:73)
	at knot//net.minecraft.server.players.CachedUserNameToIdResolver.get(CachedUserNameToIdResolver.java:134)
	at knot//net.lionarius.skinrestorer.skin.provider.builtin.MojangSkinProvider.resolveUuid(MojangSkinProvider.java:89)
	at knot//net.lionarius.skinrestorer.skin.provider.base.ProfileSkinProvider.getCacheKey(ProfileSkinProvider.java:40)
	at knot//net.lionarius.skinrestorer.skin.provider.base.ProfileSkinProvider.getCacheKey(ProfileSkinProvider.java:17)
	at knot//net.lionarius.skinrestorer.skin.provider.base.AbstractSkinProvider.fetchSkin(AbstractSkinProvider.java:52)
	at knot//net.minecraft.server.network.ServerLoginPacketListenerImpl.md9a601d$skinrestorer$lambda$skinrestorer$fetchSkin$0$2(ServerLoginPacketListenerImpl.java:3141)
	at java.base/java.util.Optional.map(Unknown Source)
	at knot//net.minecraft.server.network.ServerLoginPacketListenerImpl.skinrestorer$fetchSkin(ServerLoginPacketListenerImpl.java:3141)
	at knot//net.minecraft.server.network.ServerLoginPacketListenerImpl.md9a601d$skinrestorer$lambda$waitForSkin$0$5(ServerLoginPacketListenerImpl.java:3097)
	at java.base/java.util.concurrent.CompletableFuture$AsyncSupply.run(Unknown Source)
	at java.base/java.util.concurrent.ThreadPoolExecutor.runWorker(Unknown Source)
	at java.base/java.util.concurrent.ThreadPoolExecutor$Worker.run(Unknown Source)
	at java.base/java.lang.Thread.run(Unknown Source)
[21:41:04] [Server thread/INFO]: advaitong[/100.72.174.112:49521] logged in with entity id 14150 at (135.33678455795214, 63.0, -2174.487302576757)
[21:41:04] [Server thread/INFO]: Player [advaitong] joined.
[21:41:04] [Server thread/INFO]: advaitong joined the game
[21:43:36] [Server thread/INFO]: advaitong has made the advancement [Acquire Hardware]
[21:44:19] [Server thread/INFO]: [Not Secure] <Joseph-Stalin-67> hi
[21:45:28] [Server thread/INFO]: advaitong has made the advancement [Suit Up]
[21:45:51] [Server thread/INFO]: advaitong has made the advancement [Isn't It Iron Pick]
[21:46:08] [Server thread/INFO]: devashutoshkumar has made the advancement [Isn't It Iron Pick]
[21:49:12] [Server thread/INFO]: devashutoshkumar has made the advancement [Sweet Dreams]
[21:49:27] [Netty Epoll IO #8/INFO]: Player [devashutoshkumar] disconnected.
[21:49:27] [Server thread/INFO]: devashutoshkumar lost connection: Timed out
[21:49:27] [Server thread/INFO]: devashutoshkumar left the game
[21:49:27] [Server thread/WARN]: handleDisconnection() called twice
[21:49:30] [Netty Epoll IO #2/INFO]: Player [Joseph-Stalin-67] disconnected.
[21:49:30] [Server thread/INFO]: Joseph-Stalin-67 lost connection: Timed out
[21:49:30] [Server thread/INFO]: Joseph-Stalin-67 left the game
[21:49:35] [SkinRestorer-Fetch-12/WARN]: Failed to fetch skin 'mojang:Joseph-Stalin-67'
java.lang.IllegalStateException: not found
	at knot//net.lionarius.skinrestorer.util.WebUtils.throwOnClientErrors(WebUtils.java:141)
	at knot//net.lionarius.skinrestorer.skin.provider.base.YggdrasilSkinProvider.getProfile(YggdrasilSkinProvider.java:52)
	at knot//net.lionarius.skinrestorer.skin.provider.builtin.MojangSkinProvider.access$100(MojangSkinProvider.java:19)
	at knot//net.lionarius.skinrestorer.skin.provider.builtin.MojangSkinProvider$1.findProfileByName(MojangSkinProvider.java:58)
	at knot//net.minecraft.server.players.CachedUserNameToIdResolver.lookupGameProfile(CachedUserNameToIdResolver.java:73)
	at knot//net.minecraft.server.players.CachedUserNameToIdResolver.get(CachedUserNameToIdResolver.java:134)
	at knot//net.lionarius.skinrestorer.skin.provider.builtin.MojangSkinProvider.resolveUuid(MojangSkinProvider.java:89)
	at knot//net.lionarius.skinrestorer.skin.provider.base.ProfileSkinProvider.getCacheKey(ProfileSkinProvider.java:40)
	at knot//net.lionarius.skinrestorer.skin.provider.base.ProfileSkinProvider.getCacheKey(ProfileSkinProvider.java:17)
	at knot//net.lionarius.skinrestorer.skin.provider.base.AbstractSkinProvider.fetchSkin(AbstractSkinProvider.java:52)
	at knot//net.minecraft.server.network.ServerLoginPacketListenerImpl.md9a601d$skinrestorer$lambda$skinrestorer$fetchSkin$0$2(ServerLoginPacketListenerImpl.java:3141)
	at java.base/java.util.Optional.map(Unknown Source)
	at knot//net.minecraft.server.network.ServerLoginPacketListenerImpl.skinrestorer$fetchSkin(ServerLoginPacketListenerImpl.java:3141)
	at knot//net.minecraft.server.network.ServerLoginPacketListenerImpl.md9a601d$skinrestorer$lambda$waitForSkin$0$5(ServerLoginPacketListenerImpl.java:3097)
	at java.base/java.util.concurrent.CompletableFuture$AsyncSupply.run(Unknown Source)
	at java.base/java.util.concurrent.ThreadPoolExecutor.runWorker(Unknown Source)
	at java.base/java.util.concurrent.ThreadPoolExecutor$Worker.run(Unknown Source)
	at java.base/java.lang.Thread.run(Unknown Source)
[21:49:36] [Server thread/INFO]: Joseph-Stalin-67[/100.108.159.104:62738] logged in with entity id 15581 at (137.67507879752065, 63.0, -2219.2195780646457)
[21:49:36] [Server thread/INFO]: Player [Joseph-Stalin-67] joined.
[21:49:36] [Server thread/INFO]: Joseph-Stalin-67 joined the game
[21:49:40] [SkinRestorer-Fetch-13/WARN]: Failed to fetch skin 'mojang:devashutoshkumar'
java.lang.IllegalStateException: not found
	at knot//net.lionarius.skinrestorer.util.WebUtils.throwOnClientErrors(WebUtils.java:141)
	at knot//net.lionarius.skinrestorer.skin.provider.base.YggdrasilSkinProvider.getProfile(YggdrasilSkinProvider.java:52)
	at knot//net.lionarius.skinrestorer.skin.provider.builtin.MojangSkinProvider.access$100(MojangSkinProvider.java:19)
	at knot//net.lionarius.skinrestorer.skin.provider.builtin.MojangSkinProvider$1.findProfileByName(MojangSkinProvider.java:58)
	at knot//net.minecraft.server.players.CachedUserNameToIdResolver.lookupGameProfile(CachedUserNameToIdResolver.java:73)
	at knot//net.minecraft.server.players.CachedUserNameToIdResolver.get(CachedUserNameToIdResolver.java:134)
	at knot//net.lionarius.skinrestorer.skin.provider.builtin.MojangSkinProvider.resolveUuid(MojangSkinProvider.java:89)
	at knot//net.lionarius.skinrestorer.skin.provider.base.ProfileSkinProvider.getCacheKey(ProfileSkinProvider.java:40)
	at knot//net.lionarius.skinrestorer.skin.provider.base.ProfileSkinProvider.getCacheKey(ProfileSkinProvider.java:17)
	at knot//net.lionarius.skinrestorer.skin.provider.base.AbstractSkinProvider.fetchSkin(AbstractSkinProvider.java:52)
	at knot//net.minecraft.server.network.ServerLoginPacketListenerImpl.md9a601d$skinrestorer$lambda$skinrestorer$fetchSkin$0$2(ServerLoginPacketListenerImpl.java:3141)
	at java.base/java.util.Optional.map(Unknown Source)
	at knot//net.minecraft.server.network.ServerLoginPacketListenerImpl.skinrestorer$fetchSkin(ServerLoginPacketListenerImpl.java:3141)
	at knot//net.minecraft.server.network.ServerLoginPacketListenerImpl.md9a601d$skinrestorer$lambda$waitForSkin$0$5(ServerLoginPacketListenerImpl.java:3097)
	at java.base/java.util.concurrent.CompletableFuture$AsyncSupply.run(Unknown Source)
	at java.base/java.util.concurrent.ThreadPoolExecutor.runWorker(Unknown Source)
	at java.base/java.util.concurrent.ThreadPoolExecutor$Worker.run(Unknown Source)
	at java.base/java.lang.Thread.run(Unknown Source)
[21:49:41] [Server thread/INFO]: devashutoshkumar[/100.114.127.9:59582] logged in with entity id 15591 at (137.5, 63.0, -2227.5)
[21:49:41] [Server thread/INFO]: Player [devashutoshkumar] joined.
[21:49:41] [Server thread/INFO]: devashutoshkumar joined the game
[21:50:43] [Netty Epoll IO #15/INFO]: Player [WolfKnight11123] disconnected.
[21:50:43] [Server thread/INFO]: WolfKnight11123 lost connection: Disconnected
[21:50:43] [Server thread/INFO]: WolfKnight11123 left the game
[21:55:07] [Server thread/INFO]: Joseph-Stalin-67 has made the advancement [A Seedy Place]
[21:55:20] [Server thread/INFO]: advaitong has made the advancement [A Seedy Place]
[21:55:27] [Server thread/INFO]: devashutoshkumar drowned
[21:57:12] [Server thread/INFO]: Joseph-Stalin-67 has made the advancement [Ice Bucket Challenge]
[22:00:12] [Netty Epoll IO #13/INFO]: Player [Joseph-Stalin-67] disconnected.
[22:00:12] [Server thread/INFO]: Joseph-Stalin-67 lost connection: Disconnected
[22:00:12] [Server thread/INFO]: Joseph-Stalin-67 left the game
[22:00:47] [Server thread/INFO]: devashutoshkumar has made the advancement [Monster Hunter]
[22:01:15] [Server thread/INFO]: advaitong has made the advancement [Sweet Dreams]
[22:02:32] [Server thread/INFO]: devashutoshkumar has made the advancement [Stone Age]
[22:02:36] [Server thread/INFO]: advaitong has made the advancement [Monster Hunter]
[22:03:36] [Server thread/INFO]: devashutoshkumar was shot by Skeleton
[22:04:54] [Server thread/INFO]: devashutoshkumar was blown up by Creeper
[22:05:11] [Server thread/INFO]: advaitong has made the advancement [We Need to Go Deeper]
[22:05:11] [Server thread/INFO]: Player [advaitong] changed level: [54uqgqd7cqin2@minecraft:overworld] -> [54uqgqd7cqin2@minecraft:the_nether].
[22:05:44] [Server thread/INFO]: devashutoshkumar has made the advancement [Getting an Upgrade]
[22:06:13] [Server thread/INFO]: devashutoshkumar was blown up by Creeper
[22:07:30] [Server thread/INFO]: advaitong has made the advancement [Who is Cutting Onions?]
[22:08:04] [Server thread/INFO]: devashutoshkumar was shot by Skeleton
[22:08:35] [Server thread/INFO]: devashutoshkumar was slain by Spider
[22:09:11] [Server thread/INFO]: devashutoshkumar was blown up by Creeper
[22:10:15] [Server thread/INFO]: advaitong tried to swim in lava
[22:10:17] [Server thread/INFO]: devashutoshkumar hit the ground too hard
[22:10:20] [Server thread/INFO]: Player [advaitong] changed level: [54uqgqd7cqin2@minecraft:the_nether] -> [54uqgqd7cqin2@minecraft:overworld].
[22:10:28] [Server thread/INFO]: devashutoshkumar was blown up by Creeper
[22:10:28] [Server thread/INFO]: Player [advaitong] changed level: [54uqgqd7cqin2@minecraft:overworld] -> [54uqgqd7cqin2@minecraft:the_nether].
[22:10:30] [Server thread/INFO]: advaitong tried to swim in lava
[22:10:33] [Server thread/INFO]: Player [advaitong] changed level: [54uqgqd7cqin2@minecraft:the_nether] -> [54uqgqd7cqin2@minecraft:overworld].
[22:12:12] [Server thread/INFO]: Player [advaitong] changed level: [54uqgqd7cqin2@minecraft:overworld] -> [54uqgqd7cqin2@minecraft:the_nether].
[22:12:16] [Server thread/INFO]: advaitong tried to swim in lava
[22:12:17] [Server thread/INFO]: Player [advaitong] changed level: [54uqgqd7cqin2@minecraft:the_nether] -> [54uqgqd7cqin2@minecraft:overworld].
[22:12:47] [Server thread/INFO]: Player [advaitong] changed level: [54uqgqd7cqin2@minecraft:overworld] -> [54uqgqd7cqin2@minecraft:the_nether].
[22:14:51] [Server thread/INFO]: devashutoshkumar has made the advancement [Acquire Hardware]
[22:15:04] [Server thread/INFO]: devashutoshkumar has made the advancement [Diamonds!]
[22:17:28] [Server thread/INFO]: Player [advaitong] changed level: [54uqgqd7cqin2@minecraft:the_nether] -> [54uqgqd7cqin2@minecraft:overworld].
[22:23:33] [Server thread/INFO]: devashutoshkumar was shot by Skeleton
[22:23:37] [Netty Epoll IO #11/INFO]: Player [advaitong] disconnected.
[22:23:37] [Server thread/INFO]: advaitong lost connection: Timed out
[22:23:37] [Server thread/INFO]: advaitong left the game
[22:27:14] [Server thread/INFO]: devashutoshkumar was blown up by Creeper
[22:29:06] [Server thread/INFO]: devashutoshkumar was slain by Zombie
[22:29:52] [Server thread/INFO]: devashutoshkumar was blown up by Creeper
[22:32:22] [Server thread/INFO]: devashutoshkumar hit the ground too hard
[22:33:28] [Server thread/INFO]: devashutoshkumar has made the advancement [Suit Up]
[22:47:39] [Netty Epoll IO #14/INFO]: Player [devashutoshkumar] disconnected.
[22:47:39] [Server thread/INFO]: devashutoshkumar lost connection: Disconnected
[22:47:39] [Server thread/INFO]: devashutoshkumar left the game
[22:48:39] [Server thread/INFO]: Server empty for 60 seconds, pausing
[22:50:19] [Server thread/INFO]: Stopping the server
[22:50:19] [Server thread/INFO]: Starting shutdown process...
[22:50:19] [Server thread/INFO]: Closing storage...
[22:50:19] [Server thread/INFO]: Goodbye!
[22:50:19] [Server thread/INFO]: Stopping server
[22:50:19] [Server thread/INFO]: Saving players
[22:50:19] [Server thread/INFO]: Saving worlds
[22:50:19] [Server thread/INFO]: Saving chunks for level 'ServerLevel[world]'/minecraft:overworld
[22:50:19] [Server thread/INFO]: Saving chunks for level 'ServerLevel[world]'/minecraft:the_end
[22:50:19] [Server thread/INFO]: Saving chunks for level 'ServerLevel[world]'/minecraft:the_nether
[22:50:19] [Server thread/INFO]: ThreadedAnvilChunkStorage (world): All chunks are saved
[22:50:19] [Server thread/INFO]: ThreadedAnvilChunkStorage (DIM1): All chunks are saved
[22:50:19] [Server thread/INFO]: ThreadedAnvilChunkStorage (DIM-1): All chunks are saved
[22:50:19] [Server thread/INFO]: ThreadedAnvilChunkStorage: All dimensions are saved
[22:50:19] [Server thread/INFO]: Closing world gen queue
[22:50:19] [Server thread/INFO]: Closing WorldGenerationQueue...
[22:50:19] [Server thread/INFO]: Shutting down world generator thread pool...
[22:50:19] [Server thread/INFO]: World generator thread pool shutdown with [0] incomplete tasks.
[22:50:19] [Server thread/INFO]: [BatchGenerator] shutting down...
[22:50:19] [Server thread/INFO]: Closing [BatchGenerationEnvironment]
[22:50:19] [Server thread/INFO]: Finished closing WorldGenerationQueue
[22:50:19] [Server thread/INFO]: Closed DHLevel for [Wrapped{ServerLevel[world]@minecraft:overworld}].
[22:50:19] [C2ME Storage #3/INFO]: Storage thread Thread[#116,C2ME Storage #3,8,main] stopped
[22:50:19] [C2ME Storage #2/INFO]: Storage thread Thread[#115,C2ME Storage #2,8,main] stopped
[22:50:19] [C2ME Storage #1/INFO]: Storage thread Thread[#112,C2ME Storage #1,8,main] stopped
[22:50:19] [Server thread/INFO]: Closing world gen queue
[22:50:19] [Server thread/INFO]: Closing WorldGenerationQueue...
[22:50:19] [Server thread/INFO]: Shutting down world generator thread pool...
[22:50:19] [Server thread/INFO]: World generator thread pool shutdown with [0] incomplete tasks.
[22:50:19] [Server thread/INFO]: [BatchGenerator] shutting down...
[22:50:19] [Server thread/INFO]: Closing [BatchGenerationEnvironment]
[22:50:19] [Server thread/INFO]: Finished closing WorldGenerationQueue
[22:50:19] [Server thread/INFO]: Closed DHLevel for [Wrapped{ServerLevel[world]@minecraft:the_end}].
[22:50:19] [C2ME Storage #6/INFO]: Storage thread Thread[#125,C2ME Storage #6,8,main] stopped
[22:50:19] [C2ME Storage #5/INFO]: Storage thread Thread[#124,C2ME Storage #5,8,main] stopped
[22:50:19] [C2ME Storage #4/INFO]: Storage thread Thread[#123,C2ME Storage #4,8,main] stopped
[22:50:19] [Server thread/INFO]: Closing world gen queue
[22:50:19] [Server thread/INFO]: Closing WorldGenerationQueue...
[22:50:19] [Server thread/INFO]: Shutting down world generator thread pool...
[22:50:19] [Server thread/INFO]: World generator thread pool shutdown with [0] incomplete tasks.
[22:50:19] [Server thread/INFO]: [BatchGenerator] shutting down...
[22:50:19] [Server thread/INFO]: Closing [BatchGenerationEnvironment]
[22:50:19] [Server thread/INFO]: Finished closing WorldGenerationQueue
[22:50:19] [Server thread/INFO]: Closed DHLevel for [Wrapped{ServerLevel[world]@minecraft:the_nether}].
[22:50:19] [C2ME Storage #9/INFO]: Storage thread Thread[#136,C2ME Storage #9,8,main] stopped
[22:50:19] [C2ME Storage #8/INFO]: Storage thread Thread[#133,C2ME Storage #8,8,main] stopped
[22:50:19] [C2ME Storage #7/INFO]: Storage thread Thread[#132,C2ME Storage #7,8,main] stopped
[22:50:19] [Server thread/INFO]: Closed DhWorld of type [SERVER_ONLY].
[22:50:19] [Server thread/INFO]: Closed DhWorld of type [SERVER_ONLY].
[22:50:19] [Server thread/INFO]: Shutting down PriorityTaskPicker thread pool...
[22:50:19] [Server thread/INFO]: Closing all [3] database connections...
[22:50:19] [Server thread/INFO]: Closing database connection: [jdbc:dh_sqlite:./world/dimensions/minecraft/the_end/data/DistantHorizons.sqlite]
[22:50:19] [Server thread/INFO]: Closing database connection: [jdbc:dh_sqlite:./world/dimensions/minecraft/overworld/data/DistantHorizons.sqlite]
[22:50:19] [Server thread/INFO]: Closing database connection: [jdbc:dh_sqlite:./world/dimensions/minecraft/the_nether/data/DistantHorizons.sqlite]
